node : error: cannot commit - no transaction is active
At line:1 char:1
+ node test-sqljs.js > test-result.txt 2>&1
+ ~~~~~~~~~~~~~~~~~~~~~~~~~~~~~~~~~~~~~~~~~
    + CategoryInfo          : NotSpecified: (error: cannot c...ction is active:String) [], RemoteException
    + FullyQualifiedErrorId : NativeCommandError
 
